|__folder1
   |__folder2
      |__folder3
         |__folder4
            |__folder5
               |__folder6
               |  |__file1
               |  |__file2
               |  |__file3
               |  |__file4
               |__folder7
               |  |__file5
               |__folder8
               |  |__file6
               |__folder9