|__folder1
|  |__folder2
|     |__folder3
|     |__file5
|__file6