|__folder1
   |__folder2
   |  |__file1
   |__file2