|__file1
|__folder1
   |__file2
   |__file3
   |__folder2
   |  |__file4
   |__folder3